============================================================
5折交叉验证
============================================================

数据不平衡分析:
  正样本权重: 24.3843
  负样本权重: 0.5105
  不平衡比例: 47.77:1

============================================================
Fold 1/5
============================================================
Epoch 1/200 - Loss: 0.1240 - Val AUC: 0.6617 - Val AUPRC: 0.0793 - Val F1: 0.0000
Epoch 2/200 - Loss: 0.1234 - Val AUC: 0.7590 - Val AUPRC: 0.1472 - Val F1: 0.0668
Epoch 3/200 - Loss: 0.1224 - Val AUC: 0.7847 - Val AUPRC: 0.1625 - Val F1: 0.0000
Epoch 4/200 - Loss: 0.1194 - Val AUC: 0.7703 - Val AUPRC: 0.2353 - Val F1: 0.0000
Epoch 5/200 - Loss: 0.1208 - Val AUC: 0.7705 - Val AUPRC: 0.2358 - Val F1: 0.1439
Epoch 6/200 - Loss: 0.1177 - Val AUC: 0.7380 - Val AUPRC: 0.2367 - Val F1: 0.1561
Epoch 7/200 - Loss: 0.1062 - Val AUC: 0.7833 - Val AUPRC: 0.2554 - Val F1: 0.1317
Epoch 8/200 - Loss: 0.1051 - Val AUC: 0.7564 - Val AUPRC: 0.1217 - Val F1: 0.0921
Epoch 9/200 - Loss: 0.0979 - Val AUC: 0.7574 - Val AUPRC: 0.0952 - Val F1: 0.1346
Epoch 10/200 - Loss: 0.0860 - Val AUC: 0.7756 - Val AUPRC: 0.1497 - Val F1: 0.1389
Epoch 11/200 - Loss: 0.0858 - Val AUC: 0.7468 - Val AUPRC: 0.0830 - Val F1: 0.1183
Epoch 12/200 - Loss: 0.0971 - Val AUC: 0.7753 - Val AUPRC: 0.1380 - Val F1: 0.1466
Epoch 13/200 - Loss: 0.0858 - Val AUC: 0.7664 - Val AUPRC: 0.1000 - Val F1: 0.1181
Epoch 14/200 - Loss: 0.0577 - Val AUC: 0.7788 - Val AUPRC: 0.0928 - Val F1: 0.1609
Epoch 15/200 - Loss: 0.0809 - Val AUC: 0.7655 - Val AUPRC: 0.0845 - Val F1: 0.1527
Epoch 16/200 - Loss: 0.0638 - Val AUC: 0.7900 - Val AUPRC: 0.1069 - Val F1: 0.1263
Epoch 17/200 - Loss: 0.0773 - Val AUC: 0.7798 - Val AUPRC: 0.1081 - Val F1: 0.1092
Epoch 18/200 - Loss: 0.0671 - Val AUC: 0.7813 - Val AUPRC: 0.1179 - Val F1: 0.1200
Epoch 19/200 - Loss: 0.0577 - Val AUC: 0.7904 - Val AUPRC: 0.1003 - Val F1: 0.1279
Epoch 20/200 - Loss: 0.0501 - Val AUC: 0.7895 - Val AUPRC: 0.0939 - Val F1: 0.1521
Epoch 21/200 - Loss: 0.0303 - Val AUC: 0.7964 - Val AUPRC: 0.1010 - Val F1: 0.1659
