============================================================
5折交叉验证
============================================================

数据不平衡分析:
  正样本权重: 1.6828
  负样本权重: 0.7114
  不平衡比例: 2.37:1

============================================================
Fold 1/5
============================================================
Epoch 1/200 - Loss: 0.1253 - Val AUC: 0.5894 - Val AUPRC: 0.5605 - Val F1: 0.1579
Epoch 2/200 - Loss: 0.1277 - Val AUC: 0.5474 - Val AUPRC: 0.5117 - Val F1: 0.6882
Epoch 3/200 - Loss: 0.1192 - Val AUC: 0.5302 - Val AUPRC: 0.5074 - Val F1: 0.6882
Epoch 4/200 - Loss: 0.1006 - Val AUC: 0.5506 - Val AUPRC: 0.5146 - Val F1: 0.6667
Epoch 5/200 - Loss: 0.0951 - Val AUC: 0.6239 - Val AUPRC: 0.5639 - Val F1: 0.7042
Epoch 6/200 - Loss: 0.0686 - Val AUC: 0.7198 - Val AUPRC: 0.6314 - Val F1: 0.7302
Epoch 7/200 - Loss: 0.0462 - Val AUC: 0.6562 - Val AUPRC: 0.5898 - Val F1: 0.3182
Epoch 8/200 - Loss: 0.0406 - Val AUC: 0.5345 - Val AUPRC: 0.5038 - Val F1: 0.5172
Epoch 9/200 - Loss: 0.0335 - Val AUC: 0.6541 - Val AUPRC: 0.5828 - Val F1: 0.3182
Epoch 10/200 - Loss: 0.0171 - Val AUC: 0.6045 - Val AUPRC: 0.5555 - Val F1: 0.4706
Epoch 11/200 - Loss: 0.0117 - Val AUC: 0.5388 - Val AUPRC: 0.5061 - Val F1: 0.1905
Epoch 12/200 - Loss: 0.0767 - Val AUC: 0.5205 - Val AUPRC: 0.5019 - Val F1: 0.3846
Epoch 13/200 - Loss: 0.0142 - Val AUC: 0.5356 - Val AUPRC: 0.5130 - Val F1: 0.3529
Epoch 14/200 - Loss: 0.0022 - Val AUC: 0.5151 - Val AUPRC: 0.5011 - Val F1: 0.3529
Epoch 15/200 - Loss: 0.0004 - Val AUC: 0.5140 - Val AUPRC: 0.5023 - Val F1: 0.3600
Epoch 16/200 - Loss: 0.0074 - Val AUC: 0.5075 - Val AUPRC: 0.5008 - Val F1: 0.3333
Epoch 17/200 - Loss: 0.0212 - Val AUC: 0.5086 - Val AUPRC: 0.4910 - Val F1: 0.4151
Epoch 18/200 - Loss: 0.0058 - Val AUC: 0.5345 - Val AUPRC: 0.5092 - Val F1: 0.3265
Epoch 19/200 - Loss: 0.0031 - Val AUC: 0.5356 - Val AUPRC: 0.5105 - Val F1: 0.3462
Epoch 20/200 - Loss: 0.0056 - Val AUC: 0.5248 - Val AUPRC: 0.5076 - Val F1: 0.3043
Epoch 21/200 - Loss: 0.0050 - Val AUC: 0.5086 - Val AUPRC: 0.5022 - Val F1: 0.3265
Early stopping at epoch 21

Fold 1 结果:
  ROC-AUC: 0.7198
  PR-AUC: 0.6314
  F1: 0.7302
  Precision (PRE): 0.7419
  Recall (SEN): 0.7188
  Specificity (SPE): 0.7241
  MCC: 0.4424
  平衡评估 Precision: 0.8400
  平衡评估 F1: 0.7636
  平衡评估 Recall: 0.7000
  平衡评估 Specificity: 0.6667
  最优阈值: 0.42

============================================================
Fold 2/5
============================================================
Epoch 1/200 - Loss: 0.1272 - Val AUC: 0.5581 - Val AUPRC: 0.5350 - Val F1: 0.5474
Epoch 2/200 - Loss: 0.1209 - Val AUC: 0.5403 - Val AUPRC: 0.4574 - Val F1: 0.5474
Epoch 3/200 - Loss: 0.1150 - Val AUC: 0.6234 - Val AUPRC: 0.5872 - Val F1: 0.5000
Epoch 4/200 - Loss: 0.0992 - Val AUC: 0.5841 - Val AUPRC: 0.5751 - Val F1: 0.3721
Epoch 5/200 - Loss: 0.0837 - Val AUC: 0.5948 - Val AUPRC: 0.5326 - Val F1: 0.4615
Epoch 6/200 - Loss: 0.0574 - Val AUC: 0.6306 - Val AUPRC: 0.6045 - Val F1: 0.4762
Epoch 7/200 - Loss: 0.0887 - Val AUC: 0.6288 - Val AUPRC: 0.6307 - Val F1: 0.5079
Epoch 8/200 - Loss: 0.0703 - Val AUC: 0.6199 - Val AUPRC: 0.5991 - Val F1: 0.4878
Epoch 9/200 - Loss: 0.0177 - Val AUC: 0.6216 - Val AUPRC: 0.6003 - Val F1: 0.4746
Epoch 10/200 - Loss: 0.0232 - Val AUC: 0.5546 - Val AUPRC: 0.5686 - Val F1: 0.4390
Epoch 11/200 - Loss: 0.0617 - Val AUC: 0.6100 - Val AUPRC: 0.6270 - Val F1: 0.5238
Epoch 12/200 - Loss: 0.0100 - Val AUC: 0.6073 - Val AUPRC: 0.5975 - Val F1: 0.5000
Epoch 13/200 - Loss: 0.0132 - Val AUC: 0.5868 - Val AUPRC: 0.5623 - Val F1: 0.4583
Epoch 14/200 - Loss: 0.0063 - Val AUC: 0.5850 - Val AUPRC: 0.5856 - Val F1: 0.4444
Epoch 15/200 - Loss: 0.0016 - Val AUC: 0.5850 - Val AUPRC: 0.5876 - Val F1: 0.4333
Epoch 16/200 - Loss: 0.0780 - Val AUC: 0.6020 - Val AUPRC: 0.5639 - Val F1: 0.4889
Epoch 17/200 - Loss: 0.0037 - Val AUC: 0.6064 - Val AUPRC: 0.5894 - Val F1: 0.5263
Epoch 18/200 - Loss: 0.0471 - Val AUC: 0.6082 - Val AUPRC: 0.5929 - Val F1: 0.5000
Epoch 19/200 - Loss: 0.0034 - Val AUC: 0.6145 - Val AUPRC: 0.5972 - Val F1: 0.4390
Epoch 20/200 - Loss: 0.0093 - Val AUC: 0.6279 - Val AUPRC: 0.5908 - Val F1: 0.5652
Epoch 21/200 - Loss: 0.0009 - Val AUC: 0.6297 - Val AUPRC: 0.5957 - Val F1: 0.5417
Epoch 22/200 - Loss: 0.0132 - Val AUC: 0.6145 - Val AUPRC: 0.5840 - Val F1: 0.5217
Early stopping at epoch 22

Fold 2 结果:
  ROC-AUC: 0.6288
  PR-AUC: 0.6307
  F1: 0.5079
  Precision (PRE): 0.4324
  Recall (SEN): 0.6154
  Specificity (SPE): 0.5116
  MCC: 0.1234
  平衡评估 Precision: 0.5769
  平衡评估 F1: 0.6000
  平衡评估 Recall: 0.6250
  平衡评估 Specificity: 0.3529
  最优阈值: 0.71

============================================================
Fold 3/5
============================================================
Epoch 1/200 - Loss: 0.1276 - Val AUC: 0.6250 - Val AUPRC: 0.2948 - Val F1: 0.3504
Epoch 2/200 - Loss: 0.1223 - Val AUC: 0.6161 - Val AUPRC: 0.3469 - Val F1: 0.3504
Epoch 3/200 - Loss: 0.1202 - Val AUC: 0.6119 - Val AUPRC: 0.3067 - Val F1: 0.3504
Epoch 4/200 - Loss: 0.1037 - Val AUC: 0.7172 - Val AUPRC: 0.4010 - Val F1: 0.4286
Epoch 5/200 - Loss: 0.0831 - Val AUC: 0.7734 - Val AUPRC: 0.4204 - Val F1: 0.5278
Epoch 6/200 - Loss: 0.0743 - Val AUC: 0.8104 - Val AUPRC: 0.4850 - Val F1: 0.5614
Epoch 7/200 - Loss: 0.0492 - Val AUC: 0.7851 - Val AUPRC: 0.4364 - Val F1: 0.4928
Epoch 8/200 - Loss: 0.0870 - Val AUC: 0.6751 - Val AUPRC: 0.3135 - Val F1: 0.4500
Epoch 9/200 - Loss: 0.0425 - Val AUC: 0.8066 - Val AUPRC: 0.4961 - Val F1: 0.5667
Epoch 10/200 - Loss: 0.0413 - Val AUC: 0.7650 - Val AUPRC: 0.4181 - Val F1: 0.4490
Epoch 11/200 - Loss: 0.0353 - Val AUC: 0.7804 - Val AUPRC: 0.4071 - Val F1: 0.4186
Epoch 12/200 - Loss: 0.0349 - Val AUC: 0.7336 - Val AUPRC: 0.3563 - Val F1: 0.2000
Epoch 13/200 - Loss: 0.0253 - Val AUC: 0.7537 - Val AUPRC: 0.3875 - Val F1: 0.4528
Epoch 14/200 - Loss: 0.0173 - Val AUC: 0.7486 - Val AUPRC: 0.3889 - Val F1: 0.3333
Epoch 15/200 - Loss: 0.0625 - Val AUC: 0.7336 - Val AUPRC: 0.3698 - Val F1: 0.3000
Epoch 16/200 - Loss: 0.0067 - Val AUC: 0.7130 - Val AUPRC: 0.3501 - Val F1: 0.2927
Epoch 17/200 - Loss: 0.0027 - Val AUC: 0.7055 - Val AUPRC: 0.3486 - Val F1: 0.2927
Epoch 18/200 - Loss: 0.0019 - Val AUC: 0.6985 - Val AUPRC: 0.3402 - Val F1: 0.3673
Epoch 19/200 - Loss: 0.0067 - Val AUC: 0.6358 - Val AUPRC: 0.3148 - Val F1: 0.2778
Epoch 20/200 - Loss: 0.0020 - Val AUC: 0.6980 - Val AUPRC: 0.3671 - Val F1: 0.3333
Epoch 21/200 - Loss: 0.0008 - Val AUC: 0.7140 - Val AUPRC: 0.3640 - Val F1: 0.3158
Epoch 22/200 - Loss: 0.0003 - Val AUC: 0.7130 - Val AUPRC: 0.3607 - Val F1: 0.3158
Epoch 23/200 - Loss: 0.0003 - Val AUC: 0.7111 - Val AUPRC: 0.3530 - Val F1: 0.3158
Epoch 24/200 - Loss: 0.0001 - Val AUC: 0.7111 - Val AUPRC: 0.3556 - Val F1: 0.3158
Early stopping at epoch 24

Fold 3 结果:
  ROC-AUC: 0.8066
  PR-AUC: 0.4961
  F1: 0.5667
  Precision (PRE): 0.4722
  Recall (SEN): 0.7083
  Specificity (SPE): 0.7865
  MCC: 0.4344
  平衡评估 Precision: 0.5882
  平衡评估 F1: 0.5882
  平衡评估 Recall: 0.5882
  平衡评估 Specificity: 0.6316
  最优阈值: 0.51

============================================================
Fold 4/5
============================================================
Epoch 1/200 - Loss: 0.1226 - Val AUC: 0.6950 - Val AUPRC: 0.4169 - Val F1: 0.3314
Epoch 2/200 - Loss: 0.1150 - Val AUC: 0.7045 - Val AUPRC: 0.4016 - Val F1: 0.3314
Epoch 3/200 - Loss: 0.1232 - Val AUC: 0.7269 - Val AUPRC: 0.4069 - Val F1: 0.3373
Epoch 4/200 - Loss: 0.0991 - Val AUC: 0.7118 - Val AUPRC: 0.3488 - Val F1: 0.4000
Epoch 5/200 - Loss: 0.0636 - Val AUC: 0.6988 - Val AUPRC: 0.2984 - Val F1: 0.3385
Epoch 6/200 - Loss: 0.0530 - Val AUC: 0.5765 - Val AUPRC: 0.2392 - Val F1: 0.3364
Epoch 7/200 - Loss: 0.0423 - Val AUC: 0.6609 - Val AUPRC: 0.2978 - Val F1: 0.3855
Epoch 8/200 - Loss: 0.0195 - Val AUC: 0.6855 - Val AUPRC: 0.2995 - Val F1: 0.4176
Epoch 9/200 - Loss: 0.0587 - Val AUC: 0.6621 - Val AUPRC: 0.3098 - Val F1: 0.3953
Epoch 10/200 - Loss: 0.0271 - Val AUC: 0.6359 - Val AUPRC: 0.2821 - Val F1: 0.3596
Epoch 11/200 - Loss: 0.0100 - Val AUC: 0.6264 - Val AUPRC: 0.2791 - Val F1: 0.4103
Epoch 12/200 - Loss: 0.0105 - Val AUC: 0.5907 - Val AUPRC: 0.2661 - Val F1: 0.3704
Epoch 13/200 - Loss: 0.0044 - Val AUC: 0.5891 - Val AUPRC: 0.2669 - Val F1: 0.3944
Epoch 14/200 - Loss: 0.0322 - Val AUC: 0.5721 - Val AUPRC: 0.2504 - Val F1: 0.3636
Epoch 15/200 - Loss: 0.0072 - Val AUC: 0.5853 - Val AUPRC: 0.2583 - Val F1: 0.4242
Epoch 16/200 - Loss: 0.0160 - Val AUC: 0.5619 - Val AUPRC: 0.2436 - Val F1: 0.3582
Early stopping at epoch 16

Fold 4 结果:
  ROC-AUC: 0.6950
  PR-AUC: 0.4169
  F1: 0.3314
  Precision (PRE): 0.1986
  Recall (SEN): 1.0000
  Specificity (SPE): 0.0000
  MCC: 0.0000
  平衡评估 Precision: 0.4815
  平衡评估 F1: 0.6500
  平衡评估 Recall: 1.0000
  平衡评估 Specificity: 0.0000
  最优阈值: 0.54

============================================================
Fold 5/5
============================================================
Epoch 1/200 - Loss: 0.1287 - Val AUC: 0.5688 - Val AUPRC: 0.3723 - Val F1: 0.5275
Epoch 2/200 - Loss: 0.1209 - Val AUC: 0.6424 - Val AUPRC: 0.4084 - Val F1: 0.3478
Epoch 3/200 - Loss: 0.1124 - Val AUC: 0.5785 - Val AUPRC: 0.4100 - Val F1: 0.5556
Epoch 4/200 - Loss: 0.1031 - Val AUC: 0.5843 - Val AUPRC: 0.4295 - Val F1: 0.3125
Epoch 5/200 - Loss: 0.0839 - Val AUC: 0.6628 - Val AUPRC: 0.5612 - Val F1: 0.5306
Epoch 6/200 - Loss: 0.0657 - Val AUC: 0.6231 - Val AUPRC: 0.4533 - Val F1: 0.4400
Epoch 7/200 - Loss: 0.0622 - Val AUC: 0.6008 - Val AUPRC: 0.4254 - Val F1: 0.4091
Epoch 8/200 - Loss: 0.0326 - Val AUC: 0.5601 - Val AUPRC: 0.3973 - Val F1: 0.4815
Epoch 9/200 - Loss: 0.0222 - Val AUC: 0.5514 - Val AUPRC: 0.3808 - Val F1: 0.3860
Epoch 10/200 - Loss: 0.0092 - Val AUC: 0.5698 - Val AUPRC: 0.3785 - Val F1: 0.3256
Epoch 11/200 - Loss: 0.0210 - Val AUC: 0.5988 - Val AUPRC: 0.4043 - Val F1: 0.5000
Epoch 12/200 - Loss: 0.0265 - Val AUC: 0.5921 - Val AUPRC: 0.3959 - Val F1: 0.4912
Epoch 13/200 - Loss: 0.0437 - Val AUC: 0.6221 - Val AUPRC: 0.4467 - Val F1: 0.3784
Epoch 14/200 - Loss: 0.0122 - Val AUC: 0.5717 - Val AUPRC: 0.3926 - Val F1: 0.4528
Epoch 15/200 - Loss: 0.0016 - Val AUC: 0.5649 - Val AUPRC: 0.3918 - Val F1: 0.5000
Epoch 16/200 - Loss: 0.0429 - Val AUC: 0.5959 - Val AUPRC: 0.4253 - Val F1: 0.4800
Epoch 17/200 - Loss: 0.0055 - Val AUC: 0.6008 - Val AUPRC: 0.4260 - Val F1: 0.4167
Epoch 18/200 - Loss: 0.0022 - Val AUC: 0.6182 - Val AUPRC: 0.4341 - Val F1: 0.4255
Epoch 19/200 - Loss: 0.0017 - Val AUC: 0.6134 - Val AUPRC: 0.4524 - Val F1: 0.4583
Epoch 20/200 - Loss: 0.0006 - Val AUC: 0.6047 - Val AUPRC: 0.4482 - Val F1: 0.4583
Early stopping at epoch 20

Fold 5 结果:
  ROC-AUC: 0.6628
  PR-AUC: 0.5612
  F1: 0.5306
  Precision (PRE): 0.5200
  Recall (SEN): 0.5417
  Specificity (SPE): 0.7209
  MCC: 0.2603
  平衡评估 Precision: 0.6667
  平衡评估 F1: 0.6061
  平衡评估 Recall: 0.5556
  平衡评估 Specificity: 0.7222
  最优阈值: 0.63

============================================================
交叉验证总结
============================================================

【原始数据集评估】
----------------------------------------
平均 TP: 19
平均 FN: 7
平均 TN: 29
平均 FP: 35
总样本数: 90 (正样本: 27, 负样本: 63)
平均 Precision: 0.3593 (35.93%)
平均 Recall (SEN): 0.7239 (72.39%)
平均 Specificity (SPE): 0.4543 (45.43%)
平均 Accuracy: 0.5344 (53.44%)
平均 MCC: 0.1661

【平衡采样评估 (DeepHotResi方式)】
----------------------------------------
平均 ROC-AUC: 0.6425 (+/- 0.0490)
平均 PR-AUC:  0.6862 (+/- 0.1203)
平均 F1:      0.6416 (+/- 0.0721)
平均 MCC:     0.1633 (+/- 0.1649)
平均 Precision: 0.6307
平均 Recall:    0.6938
平均 Specificity: 0.4747

日志已保存到: /workspace/foundry-production/hotspot-prediction/logs/training_20260511_104908.log
