============================================================
5折交叉验证
============================================================

数据不平衡分析:
  正样本权重: 1.6828
  负样本权重: 0.7114
  不平衡比例: 2.37:1

============================================================
Fold 1/5
============================================================
Epoch 1/200 - Loss: 0.1280 - Val AUC: 0.6444 - Val AUPRC: 0.6163 - Val F1: 0.0000
Epoch 2/200 - Loss: 0.1262 - Val AUC: 0.5194 - Val AUPRC: 0.5243 - Val F1: 0.0000
Epoch 3/200 - Loss: 0.1188 - Val AUC: 0.6013 - Val AUPRC: 0.5733 - Val F1: 0.4255
Epoch 4/200 - Loss: 0.0948 - Val AUC: 0.5884 - Val AUPRC: 0.5431 - Val F1: 0.6750
Epoch 5/200 - Loss: 0.0885 - Val AUC: 0.7274 - Val AUPRC: 0.7062 - Val F1: 0.2500
Epoch 6/200 - Loss: 0.0619 - Val AUC: 0.5754 - Val AUPRC: 0.5221 - Val F1: 0.2727
Epoch 7/200 - Loss: 0.0356 - Val AUC: 0.5981 - Val AUPRC: 0.5408 - Val F1: 0.2667
Epoch 8/200 - Loss: 0.0244 - Val AUC: 0.5334 - Val AUPRC: 0.5054 - Val F1: 0.1500
Epoch 9/200 - Loss: 0.0283 - Val AUC: 0.5884 - Val AUPRC: 0.5414 - Val F1: 0.3673
Epoch 10/200 - Loss: 0.0121 - Val AUC: 0.5647 - Val AUPRC: 0.5341 - Val F1: 0.2727
Epoch 11/200 - Loss: 0.0139 - Val AUC: 0.5097 - Val AUPRC: 0.4882 - Val F1: 0.1000
Epoch 12/200 - Loss: 0.0061 - Val AUC: 0.5119 - Val AUPRC: 0.5061 - Val F1: 0.3673
Epoch 13/200 - Loss: 0.0038 - Val AUC: 0.5075 - Val AUPRC: 0.5014 - Val F1: 0.3529
Epoch 14/200 - Loss: 0.0022 - Val AUC: 0.5183 - Val AUPRC: 0.5101 - Val F1: 0.3111
Epoch 15/200 - Loss: 0.0005 - Val AUC: 0.5086 - Val AUPRC: 0.5092 - Val F1: 0.3404
Epoch 16/200 - Loss: 0.0003 - Val AUC: 0.5097 - Val AUPRC: 0.5127 - Val F1: 0.3636
Epoch 17/200 - Loss: 0.0002 - Val AUC: 0.5086 - Val AUPRC: 0.5118 - Val F1: 0.3556
Epoch 18/200 - Loss: 0.0002 - Val AUC: 0.5065 - Val AUPRC: 0.5104 - Val F1: 0.3478
Epoch 19/200 - Loss: 0.0021 - Val AUC: 0.5054 - Val AUPRC: 0.5002 - Val F1: 0.3600
Epoch 20/200 - Loss: 0.0012 - Val AUC: 0.5119 - Val AUPRC: 0.5031 - Val F1: 0.3043
Early stopping at epoch 20

Fold 1 结果:
  ROC-AUC: 0.7274
  PR-AUC: 0.7062
  F1: 0.2500
  Precision (PRE): 0.6250
  Recall (SEN): 0.1562
  Specificity (SPE): 0.8966
  MCC: 0.0781
  平衡评估 Precision: 1.0000
  平衡评估 F1: 0.2857
  平衡评估 Recall: 0.1667
  平衡评估 Specificity: 1.0000
  最优阈值: 0.33

============================================================
Fold 2/5
============================================================
Epoch 1/200 - Loss: 0.1265 - Val AUC: 0.5760 - Val AUPRC: 0.5786 - Val F1: 0.0000
Epoch 2/200 - Loss: 0.1236 - Val AUC: 0.6458 - Val AUPRC: 0.5591 - Val F1: 0.5333
Epoch 3/200 - Loss: 0.1210 - Val AUC: 0.7522 - Val AUPRC: 0.7098 - Val F1: 0.1429
Epoch 4/200 - Loss: 0.1119 - Val AUC: 0.6628 - Val AUPRC: 0.6611 - Val F1: 0.3636
Epoch 5/200 - Loss: 0.0850 - Val AUC: 0.6306 - Val AUPRC: 0.6370 - Val F1: 0.4762
Epoch 6/200 - Loss: 0.0530 - Val AUC: 0.6512 - Val AUPRC: 0.6723 - Val F1: 0.5652
Epoch 7/200 - Loss: 0.0437 - Val AUC: 0.5975 - Val AUPRC: 0.6249 - Val F1: 0.0741
Epoch 8/200 - Loss: 0.0328 - Val AUC: 0.6538 - Val AUPRC: 0.6826 - Val F1: 0.5312
Epoch 9/200 - Loss: 0.0440 - Val AUC: 0.5403 - Val AUPRC: 0.5760 - Val F1: 0.4643
Epoch 10/200 - Loss: 0.0239 - Val AUC: 0.5707 - Val AUPRC: 0.5772 - Val F1: 0.4186
Epoch 11/200 - Loss: 0.0070 - Val AUC: 0.5894 - Val AUPRC: 0.5905 - Val F1: 0.4324
Epoch 12/200 - Loss: 0.0077 - Val AUC: 0.6199 - Val AUPRC: 0.6266 - Val F1: 0.5106
Epoch 13/200 - Loss: 0.0046 - Val AUC: 0.6234 - Val AUPRC: 0.6305 - Val F1: 0.5238
Epoch 14/200 - Loss: 0.0026 - Val AUC: 0.6243 - Val AUPRC: 0.6375 - Val F1: 0.4762
Epoch 15/200 - Loss: 0.0013 - Val AUC: 0.6208 - Val AUPRC: 0.6230 - Val F1: 0.4444
Epoch 16/200 - Loss: 0.0007 - Val AUC: 0.6216 - Val AUPRC: 0.6233 - Val F1: 0.4545
Epoch 17/200 - Loss: 0.0005 - Val AUC: 0.6234 - Val AUPRC: 0.6276 - Val F1: 0.4545
Epoch 18/200 - Loss: 0.0002 - Val AUC: 0.6243 - Val AUPRC: 0.6281 - Val F1: 0.4545
Early stopping at epoch 18

Fold 2 结果:
  ROC-AUC: 0.7522
  PR-AUC: 0.7098
  F1: 0.1429
  Precision (PRE): 1.0000
  Recall (SEN): 0.0769
  Specificity (SPE): 1.0000
  MCC: 0.2222
  平衡评估 Precision: 1.0000
  平衡评估 F1: 0.1538
  平衡评估 Recall: 0.0833
  平衡评估 Specificity: 1.0000
  最优阈值: 0.47

============================================================
Fold 3/5
============================================================
Epoch 1/200 - Loss: 0.1300 - Val AUC: 0.6545 - Val AUPRC: 0.3170 - Val F1: 0.0000
Epoch 2/200 - Loss: 0.1329 - Val AUC: 0.7734 - Val AUPRC: 0.4527 - Val F1: 0.5128
Epoch 3/200 - Loss: 0.1228 - Val AUC: 0.7088 - Val AUPRC: 0.5219 - Val F1: 0.0800
Epoch 4/200 - Loss: 0.1229 - Val AUC: 0.7636 - Val AUPRC: 0.6066 - Val F1: 0.0000
Epoch 5/200 - Loss: 0.1117 - Val AUC: 0.8095 - Val AUPRC: 0.5929 - Val F1: 0.4220
Epoch 6/200 - Loss: 0.0793 - Val AUC: 0.8076 - Val AUPRC: 0.5459 - Val F1: 0.4186
Epoch 7/200 - Loss: 0.0779 - Val AUC: 0.7884 - Val AUPRC: 0.5567 - Val F1: 0.5429
Epoch 8/200 - Loss: 0.0355 - Val AUC: 0.7884 - Val AUPRC: 0.5477 - Val F1: 0.5714
Epoch 9/200 - Loss: 0.0205 - Val AUC: 0.7252 - Val AUPRC: 0.4431 - Val F1: 0.4583
Epoch 10/200 - Loss: 0.0243 - Val AUC: 0.7594 - Val AUPRC: 0.4321 - Val F1: 0.4390
Epoch 11/200 - Loss: 0.0252 - Val AUC: 0.7523 - Val AUPRC: 0.4522 - Val F1: 0.4898
Epoch 12/200 - Loss: 0.0088 - Val AUC: 0.7111 - Val AUPRC: 0.4136 - Val F1: 0.4545
Epoch 13/200 - Loss: 0.0054 - Val AUC: 0.7584 - Val AUPRC: 0.4348 - Val F1: 0.4762
Epoch 14/200 - Loss: 0.0028 - Val AUC: 0.7420 - Val AUPRC: 0.4151 - Val F1: 0.4000
Epoch 15/200 - Loss: 0.0017 - Val AUC: 0.7467 - Val AUPRC: 0.4249 - Val F1: 0.4444
Epoch 16/200 - Loss: 0.0017 - Val AUC: 0.7434 - Val AUPRC: 0.4182 - Val F1: 0.3902
Epoch 17/200 - Loss: 0.0005 - Val AUC: 0.7444 - Val AUPRC: 0.4182 - Val F1: 0.3902
Epoch 18/200 - Loss: 0.0004 - Val AUC: 0.7458 - Val AUPRC: 0.4225 - Val F1: 0.4286
Epoch 19/200 - Loss: 0.0002 - Val AUC: 0.7472 - Val AUPRC: 0.4237 - Val F1: 0.4286
Early stopping at epoch 19

Fold 3 结果:
  ROC-AUC: 0.7636
  PR-AUC: 0.6066
  F1: 0.0000
  Precision (PRE): 0.0000
  Recall (SEN): 0.0000
  Specificity (SPE): 1.0000
  MCC: 0.0000
  平衡评估 Precision: 0.0000
  平衡评估 F1: 0.0000
  平衡评估 Recall: 0.0000
  平衡评估 Specificity: 1.0000
  最优阈值: 0.48

============================================================
Fold 4/5
============================================================
Epoch 1/200 - Loss: 0.1244 - Val AUC: 0.6302 - Val AUPRC: 0.3001 - Val F1: 0.3576
Epoch 2/200 - Loss: 0.1225 - Val AUC: 0.7102 - Val AUPRC: 0.3478 - Val F1: 0.1143
Epoch 3/200 - Loss: 0.1151 - Val AUC: 0.6650 - Val AUPRC: 0.2629 - Val F1: 0.3750
Epoch 4/200 - Loss: 0.0807 - Val AUC: 0.6587 - Val AUPRC: 0.2669 - Val F1: 0.4274
Epoch 5/200 - Loss: 0.0776 - Val AUC: 0.6365 - Val AUPRC: 0.2511 - Val F1: 0.2500
Epoch 6/200 - Loss: 0.0476 - Val AUC: 0.6277 - Val AUPRC: 0.2363 - Val F1: 0.1923
Epoch 7/200 - Loss: 0.0295 - Val AUC: 0.5869 - Val AUPRC: 0.2304 - Val F1: 0.1538
Epoch 8/200 - Loss: 0.0512 - Val AUC: 0.6049 - Val AUPRC: 0.2361 - Val F1: 0.2000
Epoch 9/200 - Loss: 0.0141 - Val AUC: 0.5379 - Val AUPRC: 0.2063 - Val F1: 0.2286
Epoch 10/200 - Loss: 0.0114 - Val AUC: 0.5809 - Val AUPRC: 0.2453 - Val F1: 0.3662
Epoch 11/200 - Loss: 0.0082 - Val AUC: 0.5648 - Val AUPRC: 0.2308 - Val F1: 0.2807
Epoch 12/200 - Loss: 0.0047 - Val AUC: 0.5433 - Val AUPRC: 0.2359 - Val F1: 0.3214
Epoch 13/200 - Loss: 0.0082 - Val AUC: 0.5247 - Val AUPRC: 0.2122 - Val F1: 0.2647
Epoch 14/200 - Loss: 0.0032 - Val AUC: 0.5294 - Val AUPRC: 0.2165 - Val F1: 0.2817
Epoch 15/200 - Loss: 0.0020 - Val AUC: 0.5313 - Val AUPRC: 0.2196 - Val F1: 0.2703
Epoch 16/200 - Loss: 0.0007 - Val AUC: 0.5272 - Val AUPRC: 0.2186 - Val F1: 0.2400
Epoch 17/200 - Loss: 0.0004 - Val AUC: 0.5281 - Val AUPRC: 0.2209 - Val F1: 0.2500
Early stopping at epoch 17

Fold 4 结果:
  ROC-AUC: 0.7102
  PR-AUC: 0.3478
  F1: 0.1143
  Precision (PRE): 0.2857
  Recall (SEN): 0.0714
  Specificity (SPE): 0.9558
  MCC: 0.0499
  平衡评估 Precision: 0.5000
  平衡评估 F1: 0.1333
  平衡评估 Recall: 0.0769
  平衡评估 Specificity: 0.9286
  最优阈值: 0.49

============================================================
Fold 5/5
============================================================
Epoch 1/200 - Loss: 0.1403 - Val AUC: 0.7016 - Val AUPRC: 0.5418 - Val F1: 0.3529
Epoch 2/200 - Loss: 0.1229 - Val AUC: 0.6192 - Val AUPRC: 0.4114 - Val F1: 0.5455
Epoch 3/200 - Loss: 0.1151 - Val AUC: 0.6221 - Val AUPRC: 0.4083 - Val F1: 0.4091
Epoch 4/200 - Loss: 0.0978 - Val AUC: 0.6609 - Val AUPRC: 0.4632 - Val F1: 0.5185
Epoch 5/200 - Loss: 0.0746 - Val AUC: 0.5872 - Val AUPRC: 0.4013 - Val F1: 0.4286
Epoch 6/200 - Loss: 0.0648 - Val AUC: 0.5891 - Val AUPRC: 0.4637 - Val F1: 0.4364
Epoch 7/200 - Loss: 0.0467 - Val AUC: 0.6492 - Val AUPRC: 0.4603 - Val F1: 0.4500
Epoch 8/200 - Loss: 0.0253 - Val AUC: 0.6618 - Val AUPRC: 0.4589 - Val F1: 0.5185
Epoch 9/200 - Loss: 0.0216 - Val AUC: 0.6502 - Val AUPRC: 0.4438 - Val F1: 0.5417
Epoch 10/200 - Loss: 0.0131 - Val AUC: 0.6492 - Val AUPRC: 0.4321 - Val F1: 0.5965
Epoch 11/200 - Loss: 0.0059 - Val AUC: 0.6676 - Val AUPRC: 0.4556 - Val F1: 0.5200
Epoch 12/200 - Loss: 0.0024 - Val AUC: 0.6773 - Val AUPRC: 0.4683 - Val F1: 0.4762
Epoch 13/200 - Loss: 0.0004 - Val AUC: 0.6638 - Val AUPRC: 0.4604 - Val F1: 0.5000
Epoch 14/200 - Loss: 0.0017 - Val AUC: 0.6647 - Val AUPRC: 0.4629 - Val F1: 0.5200
Epoch 15/200 - Loss: 0.0004 - Val AUC: 0.6715 - Val AUPRC: 0.4725 - Val F1: 0.5200
Epoch 16/200 - Loss: 0.0004 - Val AUC: 0.6754 - Val AUPRC: 0.4675 - Val F1: 0.5283
Early stopping at epoch 16

Fold 5 结果:
  ROC-AUC: 0.7016
  PR-AUC: 0.5418
  F1: 0.3529
  Precision (PRE): 0.6000
  Recall (SEN): 0.2500
  Specificity (SPE): 0.9070
  MCC: 0.2112
  平衡评估 Precision: 0.6667
  平衡评估 F1: 0.3333
  平衡评估 Recall: 0.2222
  平衡评估 Specificity: 0.8889
  最优阈值: 0.50

============================================================
交叉验证总结
============================================================

【原始数据集评估】
----------------------------------------
平均 TP: 3
平均 FN: 24
平均 TN: 61
平均 FP: 2
总样本数: 90 (正样本: 27, 负样本: 63)
平均 Precision: 0.5556 (55.56%)
平均 Recall (SEN): 0.1119 (11.19%)
平均 Specificity (SPE): 0.9621 (96.21%)
平均 Accuracy: 0.7095 (70.95%)
平均 MCC: 0.1427

【平衡采样评估 (DeepHotResi方式)】
----------------------------------------
平均 ROC-AUC: 0.6806 (+/- 0.0773)
平均 PR-AUC:  0.7264 (+/- 0.1361)
平均 F1:      0.1812 (+/- 0.1322)
平均 MCC:     0.1165 (+/- 0.1059)
平均 Precision: 0.6333
平均 Recall:    0.1098
平均 Specificity: 0.9635

日志已保存到: /workspace/foundry-production/hotspot-prediction/logs/training_20260511_114138.log
