============================================================
5折交叉验证
============================================================

数据不平衡分析:
  正样本权重: 1.6828
  负样本权重: 0.7114
  不平衡比例: 2.37:1

============================================================
Fold 1/5
============================================================
Epoch 1/200 - Loss: 0.1258 - Val AUC: 0.6153 - Val AUPRC: 0.6098 - Val F1: 0.0000
Epoch 2/200 - Loss: 0.1253 - Val AUC: 0.5194 - Val AUPRC: 0.5054 - Val F1: 0.0000
Epoch 3/200 - Loss: 0.1242 - Val AUC: 0.5463 - Val AUPRC: 0.5166 - Val F1: 0.6882
Epoch 4/200 - Loss: 0.1230 - Val AUC: 0.4828 - Val AUPRC: 0.4841 - Val F1: 0.5867
Epoch 5/200 - Loss: 0.1016 - Val AUC: 0.6778 - Val AUPRC: 0.6643 - Val F1: 0.7200
Epoch 6/200 - Loss: 0.0798 - Val AUC: 0.6940 - Val AUPRC: 0.6019 - Val F1: 0.6182
Epoch 7/200 - Loss: 0.0539 - Val AUC: 0.7047 - Val AUPRC: 0.6491 - Val F1: 0.5926
Epoch 8/200 - Loss: 0.0499 - Val AUC: 0.6401 - Val AUPRC: 0.5648 - Val F1: 0.4615
Epoch 9/200 - Loss: 0.0305 - Val AUC: 0.6455 - Val AUPRC: 0.5716 - Val F1: 0.4314
Epoch 10/200 - Loss: 0.0228 - Val AUC: 0.5744 - Val AUPRC: 0.5238 - Val F1: 0.3333
Epoch 11/200 - Loss: 0.0338 - Val AUC: 0.4989 - Val AUPRC: 0.4902 - Val F1: 0.2273
Epoch 12/200 - Loss: 0.0182 - Val AUC: 0.5399 - Val AUPRC: 0.5065 - Val F1: 0.3673
Epoch 13/200 - Loss: 0.0043 - Val AUC: 0.5894 - Val AUPRC: 0.5421 - Val F1: 0.2326
Epoch 14/200 - Loss: 0.0028 - Val AUC: 0.5560 - Val AUPRC: 0.5268 - Val F1: 0.2727
Epoch 15/200 - Loss: 0.0053 - Val AUC: 0.5603 - Val AUPRC: 0.5340 - Val F1: 0.2381
Epoch 16/200 - Loss: 0.0013 - Val AUC: 0.5647 - Val AUPRC: 0.5405 - Val F1: 0.3043
Epoch 17/200 - Loss: 0.0026 - Val AUC: 0.5550 - Val AUPRC: 0.5326 - Val F1: 0.2381
Epoch 18/200 - Loss: 0.0004 - Val AUC: 0.5539 - Val AUPRC: 0.5326 - Val F1: 0.2326
Epoch 19/200 - Loss: 0.0005 - Val AUC: 0.5496 - Val AUPRC: 0.5284 - Val F1: 0.2381
Epoch 20/200 - Loss: 0.0063 - Val AUC: 0.5345 - Val AUPRC: 0.5232 - Val F1: 0.2000
Early stopping at epoch 20

Fold 1 结果:
  ROC-AUC: 0.6778
  PR-AUC: 0.6643
  F1: 0.7200
  Precision (PRE): 0.6279
  Recall (SEN): 0.8438
  Specificity (SPE): 0.4483
  MCC: 0.3198
  平衡评估 Precision: 0.7576
  平衡评估 F1: 0.7937
  平衡评估 Recall: 0.8333
  平衡评估 Specificity: 0.3333
  最优阈值: 0.48

============================================================
Fold 2/5
============================================================
Epoch 1/200 - Loss: 0.1241 - Val AUC: 0.6995 - Val AUPRC: 0.6202 - Val F1: 0.3125
Epoch 2/200 - Loss: 0.1258 - Val AUC: 0.6315 - Val AUPRC: 0.5716 - Val F1: 0.5373
Epoch 3/200 - Loss: 0.1246 - Val AUC: 0.7594 - Val AUPRC: 0.7223 - Val F1: 0.0741
Epoch 4/200 - Loss: 0.1151 - Val AUC: 0.6950 - Val AUPRC: 0.6939 - Val F1: 0.2667
Epoch 5/200 - Loss: 0.0968 - Val AUC: 0.6691 - Val AUPRC: 0.6504 - Val F1: 0.5246
Epoch 6/200 - Loss: 0.0852 - Val AUC: 0.6556 - Val AUPRC: 0.6428 - Val F1: 0.5200
Epoch 7/200 - Loss: 0.0404 - Val AUC: 0.6190 - Val AUPRC: 0.6452 - Val F1: 0.5000
Epoch 8/200 - Loss: 0.0544 - Val AUC: 0.5886 - Val AUPRC: 0.5880 - Val F1: 0.5000
Epoch 9/200 - Loss: 0.0270 - Val AUC: 0.5769 - Val AUPRC: 0.5692 - Val F1: 0.4000
Epoch 10/200 - Loss: 0.0148 - Val AUC: 0.6181 - Val AUPRC: 0.5962 - Val F1: 0.4912
Epoch 11/200 - Loss: 0.0140 - Val AUC: 0.5850 - Val AUPRC: 0.5503 - Val F1: 0.3243
Epoch 12/200 - Loss: 0.0149 - Val AUC: 0.5984 - Val AUPRC: 0.5766 - Val F1: 0.4444
Epoch 13/200 - Loss: 0.0086 - Val AUC: 0.6315 - Val AUPRC: 0.6161 - Val F1: 0.5000
Epoch 14/200 - Loss: 0.0103 - Val AUC: 0.6369 - Val AUPRC: 0.6355 - Val F1: 0.5366
Epoch 15/200 - Loss: 0.0027 - Val AUC: 0.6431 - Val AUPRC: 0.6521 - Val F1: 0.5333
Epoch 16/200 - Loss: 0.0010 - Val AUC: 0.6386 - Val AUPRC: 0.6459 - Val F1: 0.5238
Epoch 17/200 - Loss: 0.0006 - Val AUC: 0.6431 - Val AUPRC: 0.6531 - Val F1: 0.5238
Epoch 18/200 - Loss: 0.0020 - Val AUC: 0.6476 - Val AUPRC: 0.6590 - Val F1: 0.5581
Early stopping at epoch 18

Fold 2 结果:
  ROC-AUC: 0.7594
  PR-AUC: 0.7223
  F1: 0.0741
  Precision (PRE): 1.0000
  Recall (SEN): 0.0385
  Specificity (SPE): 1.0000
  MCC: 0.1560
  平衡评估 Precision: 1.0000
  平衡评估 F1: 0.0800
  平衡评估 Recall: 0.0417
  平衡评估 Specificity: 1.0000
  最优阈值: 0.47

============================================================
Fold 3/5
============================================================
Epoch 1/200 - Loss: 0.1252 - Val AUC: 0.5403 - Val AUPRC: 0.2597 - Val F1: 0.0000
Epoch 2/200 - Loss: 0.1326 - Val AUC: 0.5595 - Val AUPRC: 0.3199 - Val F1: 0.0000
Epoch 3/200 - Loss: 0.1209 - Val AUC: 0.4874 - Val AUPRC: 0.3111 - Val F1: 0.3504
Epoch 4/200 - Loss: 0.1260 - Val AUC: 0.6372 - Val AUPRC: 0.4310 - Val F1: 0.0000
Epoch 5/200 - Loss: 0.1140 - Val AUC: 0.5955 - Val AUPRC: 0.3495 - Val F1: 0.3407
Epoch 6/200 - Loss: 0.0993 - Val AUC: 0.8132 - Val AUPRC: 0.5514 - Val F1: 0.2069
Epoch 7/200 - Loss: 0.0751 - Val AUC: 0.7355 - Val AUPRC: 0.4143 - Val F1: 0.4651
Epoch 8/200 - Loss: 0.0611 - Val AUC: 0.7303 - Val AUPRC: 0.4002 - Val F1: 0.4255
Epoch 9/200 - Loss: 0.0382 - Val AUC: 0.7804 - Val AUPRC: 0.4731 - Val F1: 0.3429
Epoch 10/200 - Loss: 0.0318 - Val AUC: 0.7205 - Val AUPRC: 0.4124 - Val F1: 0.2941
Epoch 11/200 - Loss: 0.0110 - Val AUC: 0.6868 - Val AUPRC: 0.3635 - Val F1: 0.4082
Epoch 12/200 - Loss: 0.0299 - Val AUC: 0.7168 - Val AUPRC: 0.3590 - Val F1: 0.3810
Epoch 13/200 - Loss: 0.0130 - Val AUC: 0.7388 - Val AUPRC: 0.4006 - Val F1: 0.3636
Epoch 14/200 - Loss: 0.0075 - Val AUC: 0.7523 - Val AUPRC: 0.4356 - Val F1: 0.4762
Epoch 15/200 - Loss: 0.0025 - Val AUC: 0.7364 - Val AUPRC: 0.4025 - Val F1: 0.4444
Epoch 16/200 - Loss: 0.0009 - Val AUC: 0.7439 - Val AUPRC: 0.4072 - Val F1: 0.4651
Epoch 17/200 - Loss: 0.0003 - Val AUC: 0.7453 - Val AUPRC: 0.4223 - Val F1: 0.4286
Epoch 18/200 - Loss: 0.0003 - Val AUC: 0.7495 - Val AUPRC: 0.4239 - Val F1: 0.4783
Epoch 19/200 - Loss: 0.0011 - Val AUC: 0.7336 - Val AUPRC: 0.4024 - Val F1: 0.4390
Epoch 20/200 - Loss: 0.0006 - Val AUC: 0.7467 - Val AUPRC: 0.4059 - Val F1: 0.3243
Epoch 21/200 - Loss: 0.0001 - Val AUC: 0.7477 - Val AUPRC: 0.4071 - Val F1: 0.3684
Early stopping at epoch 21

Fold 3 结果:
  ROC-AUC: 0.8132
  PR-AUC: 0.5514
  F1: 0.2069
  Precision (PRE): 0.6000
  Recall (SEN): 0.1250
  Specificity (SPE): 0.9775
  MCC: 0.2039
  平衡评估 Precision: 0.5000
  平衡评估 F1: 0.1905
  平衡评估 Recall: 0.1176
  平衡评估 Specificity: 0.8947
  最优阈值: 0.30

============================================================
Fold 4/5
============================================================
Epoch 1/200 - Loss: 0.1277 - Val AUC: 0.7206 - Val AUPRC: 0.4350 - Val F1: 0.3314
Epoch 2/200 - Loss: 0.1248 - Val AUC: 0.7076 - Val AUPRC: 0.4118 - Val F1: 0.3314
Epoch 3/200 - Loss: 0.1140 - Val AUC: 0.7383 - Val AUPRC: 0.3855 - Val F1: 0.4595
Epoch 4/200 - Loss: 0.1006 - Val AUC: 0.6495 - Val AUPRC: 0.2992 - Val F1: 0.3736
Epoch 5/200 - Loss: 0.0653 - Val AUC: 0.6052 - Val AUPRC: 0.2738 - Val F1: 0.3692
Epoch 6/200 - Loss: 0.0770 - Val AUC: 0.6460 - Val AUPRC: 0.2888 - Val F1: 0.3768
Epoch 7/200 - Loss: 0.0481 - Val AUC: 0.6258 - Val AUPRC: 0.2565 - Val F1: 0.3488
Epoch 8/200 - Loss: 0.0228 - Val AUC: 0.6362 - Val AUPRC: 0.2916 - Val F1: 0.3778
Epoch 9/200 - Loss: 0.0276 - Val AUC: 0.5863 - Val AUPRC: 0.2747 - Val F1: 0.3836
Epoch 10/200 - Loss: 0.0279 - Val AUC: 0.5534 - Val AUPRC: 0.2593 - Val F1: 0.3944
Epoch 11/200 - Loss: 0.0231 - Val AUC: 0.5661 - Val AUPRC: 0.2525 - Val F1: 0.3000
Epoch 12/200 - Loss: 0.0114 - Val AUC: 0.5951 - Val AUPRC: 0.2751 - Val F1: 0.3636
Epoch 13/200 - Loss: 0.0045 - Val AUC: 0.5923 - Val AUPRC: 0.2784 - Val F1: 0.3333
Epoch 14/200 - Loss: 0.0028 - Val AUC: 0.5961 - Val AUPRC: 0.2783 - Val F1: 0.3889
Epoch 15/200 - Loss: 0.0015 - Val AUC: 0.5970 - Val AUPRC: 0.2845 - Val F1: 0.3457
Epoch 16/200 - Loss: 0.0033 - Val AUC: 0.5929 - Val AUPRC: 0.2831 - Val F1: 0.4000
Early stopping at epoch 16

Fold 4 结果:
  ROC-AUC: 0.7206
  PR-AUC: 0.4350
  F1: 0.3314
  Precision (PRE): 0.1986
  Recall (SEN): 1.0000
  Specificity (SPE): 0.0000
  MCC: 0.0000
  平衡评估 Precision: 0.4815
  平衡评估 F1: 0.6500
  平衡评估 Recall: 1.0000
  平衡评估 Specificity: 0.0000
  最优阈值: 0.54

============================================================
Fold 5/5
============================================================
Epoch 1/200 - Loss: 0.1231 - Val AUC: 0.5523 - Val AUPRC: 0.3663 - Val F1: 0.4938
Epoch 2/200 - Loss: 0.1223 - Val AUC: 0.6008 - Val AUPRC: 0.3988 - Val F1: 0.4800
Epoch 3/200 - Loss: 0.1152 - Val AUC: 0.6531 - Val AUPRC: 0.4746 - Val F1: 0.3590
Epoch 4/200 - Loss: 0.0998 - Val AUC: 0.6192 - Val AUPRC: 0.4144 - Val F1: 0.5556
Epoch 5/200 - Loss: 0.0692 - Val AUC: 0.6589 - Val AUPRC: 0.4601 - Val F1: 0.4912
Epoch 6/200 - Loss: 0.0457 - Val AUC: 0.6366 - Val AUPRC: 0.5032 - Val F1: 0.5000
Epoch 7/200 - Loss: 0.0323 - Val AUC: 0.6473 - Val AUPRC: 0.4540 - Val F1: 0.4681
Epoch 8/200 - Loss: 0.0284 - Val AUC: 0.6754 - Val AUPRC: 0.4858 - Val F1: 0.4615
Epoch 9/200 - Loss: 0.0515 - Val AUC: 0.6822 - Val AUPRC: 0.5330 - Val F1: 0.5000
Epoch 10/200 - Loss: 0.0193 - Val AUC: 0.6473 - Val AUPRC: 0.4519 - Val F1: 0.5614
Epoch 11/200 - Loss: 0.0105 - Val AUC: 0.6415 - Val AUPRC: 0.4526 - Val F1: 0.5306
Epoch 12/200 - Loss: 0.0103 - Val AUC: 0.6715 - Val AUPRC: 0.4777 - Val F1: 0.4000
Epoch 13/200 - Loss: 0.0087 - Val AUC: 0.6531 - Val AUPRC: 0.4803 - Val F1: 0.5385
Epoch 14/200 - Loss: 0.0074 - Val AUC: 0.6231 - Val AUPRC: 0.4240 - Val F1: 0.4444
Epoch 15/200 - Loss: 0.0072 - Val AUC: 0.6211 - Val AUPRC: 0.4490 - Val F1: 0.4286
Epoch 16/200 - Loss: 0.0016 - Val AUC: 0.6424 - Val AUPRC: 0.4436 - Val F1: 0.4545
Epoch 17/200 - Loss: 0.0008 - Val AUC: 0.6502 - Val AUPRC: 0.4527 - Val F1: 0.4889
Epoch 18/200 - Loss: 0.0011 - Val AUC: 0.6434 - Val AUPRC: 0.4502 - Val F1: 0.4545
Epoch 19/200 - Loss: 0.0008 - Val AUC: 0.6415 - Val AUPRC: 0.4479 - Val F1: 0.4545
Epoch 20/200 - Loss: 0.0033 - Val AUC: 0.6211 - Val AUPRC: 0.4309 - Val F1: 0.3636
Epoch 21/200 - Loss: 0.0004 - Val AUC: 0.6298 - Val AUPRC: 0.4324 - Val F1: 0.4186
Epoch 22/200 - Loss: 0.0001 - Val AUC: 0.6289 - Val AUPRC: 0.4325 - Val F1: 0.4286
Epoch 23/200 - Loss: 0.0001 - Val AUC: 0.6328 - Val AUPRC: 0.4360 - Val F1: 0.4286
Epoch 24/200 - Loss: 0.0001 - Val AUC: 0.6318 - Val AUPRC: 0.4353 - Val F1: 0.4651
Early stopping at epoch 24

Fold 5 结果:
  ROC-AUC: 0.6822
  PR-AUC: 0.5330
  F1: 0.5000
  Precision (PRE): 0.5000
  Recall (SEN): 0.5000
  Specificity (SPE): 0.7209
  MCC: 0.2209
  平衡评估 Precision: 0.6923
  平衡评估 F1: 0.5806
  平衡评估 Recall: 0.5000
  平衡评估 Specificity: 0.7778
  最优阈值: 0.68

============================================================
交叉验证总结
============================================================

【原始数据集评估】
----------------------------------------
平均 TP: 14
平均 FN: 13
平均 TN: 35
平均 FP: 29
总样本数: 90 (正样本: 27, 负样本: 63)
平均 Precision: 0.3318 (33.18%)
平均 Recall (SEN): 0.5299 (52.99%)
平均 Specificity (SPE): 0.5489 (54.89%)
平均 Accuracy: 0.5432 (54.32%)
平均 MCC: 0.0721

【平衡采样评估 (DeepHotResi方式)】
----------------------------------------
平均 ROC-AUC: 0.6914 (+/- 0.0228)
平均 PR-AUC:  0.7241 (+/- 0.1123)
平均 F1:      0.4590 (+/- 0.3078)
平均 MCC:     0.1251 (+/- 0.1195)
平均 Precision: 0.6863
平均 Recall:    0.4985
平均 Specificity: 0.6012

日志已保存到: /workspace/foundry-production/hotspot-prediction/logs/training_20260511_111647.log
