============================================================
5折交叉验证
============================================================

数据不平衡分析:
  正样本权重: 24.3843
  负样本权重: 0.5105
  不平衡比例: 47.77:1

============================================================
Fold 1/5
============================================================
  使用加权采样器
  使用类别权重: pos_weight=24.3843
Epoch 1/200 - Loss: 0.1592 - Val AUC: 0.8105 - Val AUPRC: 0.7920 - Val F1: 0.0000
Epoch 2/200 - Loss: 0.1158 - Val AUC: 0.7041 - Val AUPRC: 0.6703 - Val F1: 0.0000
Epoch 3/200 - Loss: 0.0687 - Val AUC: 0.7412 - Val AUPRC: 0.7699 - Val F1: 0.1714
Epoch 4/200 - Loss: 0.0794 - Val AUC: 0.8086 - Val AUPRC: 0.8008 - Val F1: 0.4000
Epoch 5/200 - Loss: 0.0601 - Val AUC: 0.7695 - Val AUPRC: 0.7513 - Val F1: 0.4186
Epoch 6/200 - Loss: 0.0546 - Val AUC: 0.7637 - Val AUPRC: 0.7786 - Val F1: 0.1714
Epoch 7/200 - Loss: 0.1539 - Val AUC: 0.8066 - Val AUPRC: 0.7956 - Val F1: 0.2222
Epoch 8/200 - Loss: 0.0528 - Val AUC: 0.8242 - Val AUPRC: 0.8199 - Val F1: 0.0606
Epoch 9/200 - Loss: 0.0751 - Val AUC: 0.6689 - Val AUPRC: 0.5819 - Val F1: 0.0000
Epoch 10/200 - Loss: 0.0071 - Val AUC: 0.7119 - Val AUPRC: 0.6706 - Val F1: 0.0606
Epoch 11/200 - Loss: 0.1280 - Val AUC: 0.7158 - Val AUPRC: 0.6834 - Val F1: 0.0000
Epoch 12/200 - Loss: 0.0130 - Val AUC: 0.6895 - Val AUPRC: 0.6518 - Val F1: 0.0000
Epoch 13/200 - Loss: 0.0339 - Val AUC: 0.6943 - Val AUPRC: 0.6202 - Val F1: 0.0000
Epoch 14/200 - Loss: 0.0150 - Val AUC: 0.7266 - Val AUPRC: 0.6806 - Val F1: 0.0000
Epoch 15/200 - Loss: 0.0122 - Val AUC: 0.6523 - Val AUPRC: 0.6099 - Val F1: 0.0000
Epoch 16/200 - Loss: 0.0403 - Val AUC: 0.6943 - Val AUPRC: 0.6157 - Val F1: 0.0000
Epoch 17/200 - Loss: 0.0116 - Val AUC: 0.6826 - Val AUPRC: 0.6641 - Val F1: 0.0000
Epoch 18/200 - Loss: 0.0016 - Val AUC: 0.6299 - Val AUPRC: 0.5482 - Val F1: 0.0000
Epoch 19/200 - Loss: 0.1065 - Val AUC: 0.6055 - Val AUPRC: 0.5465 - Val F1: 0.0000
Epoch 20/200 - Loss: 0.0055 - Val AUC: 0.6406 - Val AUPRC: 0.5627 - Val F1: 0.0000
Epoch 21/200 - Loss: 0.0040 - Val AUC: 0.6348 - Val AUPRC: 0.5700 - Val F1: 0.0000
Epoch 22/200 - Loss: 0.0014 - Val AUC: 0.6650 - Val AUPRC: 0.5996 - Val F1: 0.0000
Epoch 23/200 - Loss: 0.0112 - Val AUC: 0.6807 - Val AUPRC: 0.6187 - Val F1: 0.0000
Early stopping at epoch 23

Fold 1 结果:
  ROC-AUC: 0.7293
  PR-AUC: 0.0688
  F1: 0.0476
  Precision (PRE): 0.1000
  Recall (SEN): 0.0312
  Specificity (SPE): 0.9909
  MCC: 0.0392
  平衡评估 Precision: 1.0000
  平衡评估 F1: 0.0606
  平衡评估 Recall: 0.0312
  平衡评估 Specificity: 1.0000
  最优阈值: 0.12

============================================================
Fold 2/5
============================================================
  使用加权采样器
  使用类别权重: pos_weight=24.3843
Epoch 1/200 - Loss: 0.1762 - Val AUC: 0.6026 - Val AUPRC: 0.1484 - Val F1: 0.0000
Epoch 2/200 - Loss: 0.1278 - Val AUC: 0.5385 - Val AUPRC: 0.1166 - Val F1: 0.0000
Epoch 3/200 - Loss: 0.1270 - Val AUC: 0.7761 - Val AUPRC: 0.2403 - Val F1: 0.2745
Epoch 4/200 - Loss: 0.1376 - Val AUC: 0.7827 - Val AUPRC: 0.2463 - Val F1: 0.2745
Epoch 5/200 - Loss: 0.1459 - Val AUC: 0.7907 - Val AUPRC: 0.3031 - Val F1: 0.3019
Epoch 6/200 - Loss: 0.0218 - Val AUC: 0.8248 - Val AUPRC: 0.2806 - Val F1: 0.2286
Epoch 7/200 - Loss: 0.0615 - Val AUC: 0.8232 - Val AUPRC: 0.3648 - Val F1: 0.2353
Epoch 8/200 - Loss: 0.0374 - Val AUC: 0.8175 - Val AUPRC: 0.4122 - Val F1: 0.2941
Epoch 9/200 - Loss: 0.1268 - Val AUC: 0.7992 - Val AUPRC: 0.3295 - Val F1: 0.3478
Epoch 10/200 - Loss: 0.0178 - Val AUC: 0.8595 - Val AUPRC: 0.3333 - Val F1: 0.0714
Epoch 11/200 - Loss: 0.0386 - Val AUC: 0.8374 - Val AUPRC: 0.3660 - Val F1: 0.2941
Epoch 12/200 - Loss: 0.0347 - Val AUC: 0.8327 - Val AUPRC: 0.4074 - Val F1: 0.2069
Epoch 13/200 - Loss: 0.1393 - Val AUC: 0.7714 - Val AUPRC: 0.2641 - Val F1: 0.2593
Epoch 14/200 - Loss: 0.1313 - Val AUC: 0.8436 - Val AUPRC: 0.3834 - Val F1: 0.1429
Epoch 15/200 - Loss: 0.0191 - Val AUC: 0.8389 - Val AUPRC: 0.3362 - Val F1: 0.2703
Epoch 16/200 - Loss: 0.0025 - Val AUC: 0.8582 - Val AUPRC: 0.4021 - Val F1: 0.2941
Epoch 17/200 - Loss: 0.1323 - Val AUC: 0.8661 - Val AUPRC: 0.3633 - Val F1: 0.1935
Epoch 18/200 - Loss: 0.0033 - Val AUC: 0.8790 - Val AUPRC: 0.4175 - Val F1: 0.1429
Epoch 19/200 - Loss: 0.0807 - Val AUC: 0.9124 - Val AUPRC: 0.4699 - Val F1: 0.3415
Epoch 20/200 - Loss: 0.0068 - Val AUC: 0.9151 - Val AUPRC: 0.5153 - Val F1: 0.1429
Epoch 21/200 - Loss: 0.0014 - Val AUC: 0.8642 - Val AUPRC: 0.3465 - Val F1: 0.2581
Epoch 22/200 - Loss: 0.0134 - Val AUC: 0.8568 - Val AUPRC: 0.2983 - Val F1: 0.1935
Epoch 23/200 - Loss: 0.0302 - Val AUC: 0.8403 - Val AUPRC: 0.2844 - Val F1: 0.1379
Epoch 24/200 - Loss: 0.0046 - Val AUC: 0.8433 - Val AUPRC: 0.3397 - Val F1: 0.2581
Epoch 25/200 - Loss: 0.0074 - Val AUC: 0.8650 - Val AUPRC: 0.3369 - Val F1: 0.1379
Epoch 26/200 - Loss: 0.0013 - Val AUC: 0.8400 - Val AUPRC: 0.3091 - Val F1: 0.2000
Epoch 27/200 - Loss: 0.0023 - Val AUC: 0.8308 - Val AUPRC: 0.3012 - Val F1: 0.1935
Epoch 28/200 - Loss: 0.0007 - Val AUC: 0.8284 - Val AUPRC: 0.3346 - Val F1: 0.2000
Epoch 29/200 - Loss: 0.0030 - Val AUC: 0.8455 - Val AUPRC: 0.3608 - Val F1: 0.2000
Epoch 30/200 - Loss: 0.0167 - Val AUC: 0.8244 - Val AUPRC: 0.3058 - Val F1: 0.3158
Epoch 31/200 - Loss: 0.0045 - Val AUC: 0.8036 - Val AUPRC: 0.2878 - Val F1: 0.0714
Epoch 32/200 - Loss: 0.0109 - Val AUC: 0.8144 - Val AUPRC: 0.3369 - Val F1: 0.2000
Epoch 33/200 - Loss: 0.5980 - Val AUC: 0.8384 - Val AUPRC: 0.3727 - Val F1: 0.2500
Epoch 34/200 - Loss: 0.0009 - Val AUC: 0.8356 - Val AUPRC: 0.3287 - Val F1: 0.2500
Epoch 35/200 - Loss: 0.3828 - Val AUC: 0.8345 - Val AUPRC: 0.3677 - Val F1: 0.2581
Early stopping at epoch 35

Fold 2 结果:
  ROC-AUC: 0.8720
  PR-AUC: 0.1384
  F1: 0.1176
  Precision (PRE): 0.2500
  Recall (SEN): 0.0769
  Specificity (SPE): 0.9956
  MCC: 0.1300
  平衡评估 Precision: 1.0000
  平衡评估 F1: 0.1429
  平衡评估 Recall: 0.0769
  平衡评估 Specificity: 1.0000
  最优阈值: 0.10

============================================================
Fold 3/5
============================================================
  使用加权采样器
  使用类别权重: pos_weight=24.3843
Epoch 1/200 - Loss: 0.1279 - Val AUC: 0.6267 - Val AUPRC: 0.2871 - Val F1: 0.0000
Epoch 2/200 - Loss: 0.1395 - Val AUC: 0.8236 - Val AUPRC: 0.4292 - Val F1: 0.0000
Epoch 3/200 - Loss: 0.1245 - Val AUC: 0.7830 - Val AUPRC: 0.4023 - Val F1: 0.0000
Epoch 4/200 - Loss: 0.0776 - Val AUC: 0.8241 - Val AUPRC: 0.4414 - Val F1: 0.3226
Epoch 5/200 - Loss: 0.0874 - Val AUC: 0.7138 - Val AUPRC: 0.4549 - Val F1: 0.3333
Epoch 6/200 - Loss: 0.0604 - Val AUC: 0.7560 - Val AUPRC: 0.4215 - Val F1: 0.2667
Epoch 7/200 - Loss: 0.0497 - Val AUC: 0.7106 - Val AUPRC: 0.3938 - Val F1: 0.3636
Epoch 8/200 - Loss: 0.0216 - Val AUC: 0.7210 - Val AUPRC: 0.4202 - Val F1: 0.3226
Epoch 9/200 - Loss: 0.1103 - Val AUC: 0.7109 - Val AUPRC: 0.4306 - Val F1: 0.1481
Epoch 10/200 - Loss: 0.0161 - Val AUC: 0.7299 - Val AUPRC: 0.4766 - Val F1: 0.3333
Epoch 11/200 - Loss: 0.0113 - Val AUC: 0.7236 - Val AUPRC: 0.4822 - Val F1: 0.2759
Epoch 12/200 - Loss: 0.0506 - Val AUC: 0.7899 - Val AUPRC: 0.5509 - Val F1: 0.4571
Epoch 13/200 - Loss: 0.0143 - Val AUC: 0.7805 - Val AUPRC: 0.4052 - Val F1: 0.2069
Epoch 14/200 - Loss: 0.0277 - Val AUC: 0.7667 - Val AUPRC: 0.5074 - Val F1: 0.2143
Epoch 15/200 - Loss: 0.0111 - Val AUC: 0.7506 - Val AUPRC: 0.4822 - Val F1: 0.0800
Epoch 16/200 - Loss: 0.0061 - Val AUC: 0.7730 - Val AUPRC: 0.5494 - Val F1: 0.0800
Epoch 17/200 - Loss: 0.0331 - Val AUC: 0.7546 - Val AUPRC: 0.4890 - Val F1: 0.3333
Epoch 18/200 - Loss: 0.0466 - Val AUC: 0.7842 - Val AUPRC: 0.5643 - Val F1: 0.4516
Epoch 19/200 - Loss: 0.3881 - Val AUC: 0.7670 - Val AUPRC: 0.4282 - Val F1: 0.3636
Early stopping at epoch 19

Fold 3 结果:
  ROC-AUC: 0.7814
  PR-AUC: 0.0618
  F1: 0.1163
  Precision (PRE): 0.0806
  Recall (SEN): 0.2083
  Specificity (SPE): 0.9651
  MCC: 0.1092
  平衡评估 Precision: 0.6250
  平衡评估 F1: 0.3125
  平衡评估 Recall: 0.2083
  平衡评估 Specificity: 0.9793
  最优阈值: 0.55

============================================================
Fold 4/5
============================================================
  使用加权采样器
  使用类别权重: pos_weight=24.3843
Epoch 1/200 - Loss: 0.1524 - Val AUC: 0.7808 - Val AUPRC: 0.4324 - Val F1: 0.0000
Epoch 2/200 - Loss: 0.1304 - Val AUC: 0.8874 - Val AUPRC: 0.5732 - Val F1: 0.0000
Epoch 3/200 - Loss: 0.1264 - Val AUC: 0.6270 - Val AUPRC: 0.3953 - Val F1: 0.4000
Epoch 4/200 - Loss: 0.0742 - Val AUC: 0.6519 - Val AUPRC: 0.4612 - Val F1: 0.4324
Epoch 5/200 - Loss: 0.0969 - Val AUC: 0.8001 - Val AUPRC: 0.5454 - Val F1: 0.4324
Epoch 6/200 - Loss: 0.0283 - Val AUC: 0.8159 - Val AUPRC: 0.5877 - Val F1: 0.3889
Epoch 7/200 - Loss: 0.0755 - Val AUC: 0.6769 - Val AUPRC: 0.4135 - Val F1: 0.3902
Epoch 8/200 - Loss: 0.0246 - Val AUC: 0.7542 - Val AUPRC: 0.4936 - Val F1: 0.3429
Epoch 9/200 - Loss: 0.0168 - Val AUC: 0.7247 - Val AUPRC: 0.3950 - Val F1: 0.3243
Epoch 10/200 - Loss: 0.0377 - Val AUC: 0.6587 - Val AUPRC: 0.3864 - Val F1: 0.2941
Epoch 11/200 - Loss: 0.0142 - Val AUC: 0.7466 - Val AUPRC: 0.4389 - Val F1: 0.4762
Epoch 12/200 - Loss: 0.0220 - Val AUC: 0.6725 - Val AUPRC: 0.3274 - Val F1: 0.2941
Epoch 13/200 - Loss: 0.0202 - Val AUC: 0.6788 - Val AUPRC: 0.4373 - Val F1: 0.3529
Epoch 14/200 - Loss: 0.1038 - Val AUC: 0.6941 - Val AUPRC: 0.4314 - Val F1: 0.3529
Epoch 15/200 - Loss: 0.0337 - Val AUC: 0.6706 - Val AUPRC: 0.4379 - Val F1: 0.3529
Epoch 16/200 - Loss: 0.0159 - Val AUC: 0.6464 - Val AUPRC: 0.3852 - Val F1: 0.3030
Epoch 17/200 - Loss: 0.0079 - Val AUC: 0.6916 - Val AUPRC: 0.4618 - Val F1: 0.3030
Early stopping at epoch 17

Fold 4 结果:
  ROC-AUC: 0.6921
  PR-AUC: 0.0555
  F1: 0.0000
  Precision (PRE): 0.0000
  Recall (SEN): 0.0000
  Specificity (SPE): 1.0000
  MCC: 0.0000
  平衡评估 Precision: 0.0000
  平衡评估 F1: 0.0000
  平衡评估 Recall: 0.0000
  平衡评估 Specificity: 1.0000
  最优阈值: 0.47

============================================================
Fold 5/5
============================================================
  使用加权采样器
  使用类别权重: pos_weight=24.3843
Epoch 1/200 - Loss: 0.1569 - Val AUC: 0.7504 - Val AUPRC: 0.2392 - Val F1: 0.0000
Epoch 2/200 - Loss: 0.1087 - Val AUC: 0.5545 - Val AUPRC: 0.1189 - Val F1: 0.0000
Epoch 3/200 - Loss: 0.1090 - Val AUC: 0.7760 - Val AUPRC: 0.2568 - Val F1: 0.3256
Epoch 4/200 - Loss: 0.1020 - Val AUC: 0.7676 - Val AUPRC: 0.3028 - Val F1: 0.1935
Epoch 5/200 - Loss: 0.0633 - Val AUC: 0.8112 - Val AUPRC: 0.4776 - Val F1: 0.2759
Epoch 6/200 - Loss: 0.0223 - Val AUC: 0.7664 - Val AUPRC: 0.3453 - Val F1: 0.3429
Epoch 7/200 - Loss: 0.1092 - Val AUC: 0.7536 - Val AUPRC: 0.2578 - Val F1: 0.2353
Epoch 8/200 - Loss: 0.0369 - Val AUC: 0.8079 - Val AUPRC: 0.4220 - Val F1: 0.1538
Epoch 9/200 - Loss: 0.2497 - Val AUC: 0.8511 - Val AUPRC: 0.4882 - Val F1: 0.1538
Epoch 10/200 - Loss: 0.0672 - Val AUC: 0.8437 - Val AUPRC: 0.4514 - Val F1: 0.0800
Epoch 11/200 - Loss: 0.0295 - Val AUC: 0.8182 - Val AUPRC: 0.3860 - Val F1: 0.2500
Epoch 12/200 - Loss: 0.0170 - Val AUC: 0.8274 - Val AUPRC: 0.3691 - Val F1: 0.2143
Epoch 13/200 - Loss: 0.0261 - Val AUC: 0.8635 - Val AUPRC: 0.5652 - Val F1: 0.3636
Epoch 14/200 - Loss: 0.0244 - Val AUC: 0.8320 - Val AUPRC: 0.3441 - Val F1: 0.0000
Epoch 15/200 - Loss: 0.0627 - Val AUC: 0.8244 - Val AUPRC: 0.3567 - Val F1: 0.1379
Epoch 16/200 - Loss: 0.0104 - Val AUC: 0.8406 - Val AUPRC: 0.3511 - Val F1: 0.0741
Epoch 17/200 - Loss: 0.0012 - Val AUC: 0.8475 - Val AUPRC: 0.4097 - Val F1: 0.0000
Epoch 18/200 - Loss: 0.0016 - Val AUC: 0.8295 - Val AUPRC: 0.3088 - Val F1: 0.0000
Epoch 19/200 - Loss: 0.0040 - Val AUC: 0.8049 - Val AUPRC: 0.2720 - Val F1: 0.0000
Epoch 20/200 - Loss: 0.0056 - Val AUC: 0.8307 - Val AUPRC: 0.3022 - Val F1: 0.0769
Epoch 21/200 - Loss: 0.0116 - Val AUC: 0.8207 - Val AUPRC: 0.2924 - Val F1: 0.0714
Epoch 22/200 - Loss: 0.0037 - Val AUC: 0.8427 - Val AUPRC: 0.3564 - Val F1: 0.0769
Epoch 23/200 - Loss: 0.0302 - Val AUC: 0.8532 - Val AUPRC: 0.4198 - Val F1: 0.0769
Epoch 24/200 - Loss: 0.0283 - Val AUC: 0.7961 - Val AUPRC: 0.2697 - Val F1: 0.2778
Epoch 25/200 - Loss: 0.0052 - Val AUC: 0.8205 - Val AUPRC: 0.3179 - Val F1: 0.0741
Epoch 26/200 - Loss: 0.0042 - Val AUC: 0.8362 - Val AUPRC: 0.3525 - Val F1: 0.1429
Epoch 27/200 - Loss: 0.0031 - Val AUC: 0.8274 - Val AUPRC: 0.3085 - Val F1: 0.0000
Epoch 28/200 - Loss: 0.0039 - Val AUC: 0.8297 - Val AUPRC: 0.3337 - Val F1: 0.0769
Early stopping at epoch 28

Fold 5 结果:
  ROC-AUC: 0.8133
  PR-AUC: 0.1004
  F1: 0.1622
  Precision (PRE): 0.1200
  Recall (SEN): 0.2500
  Specificity (SPE): 0.9559
  MCC: 0.1445
  平衡评估 Precision: 0.5455
  平衡评估 F1: 0.3429
  平衡评估 Recall: 0.2500
  平衡评估 Specificity: 0.9771
  最优阈值: 0.13

============================================================
交叉验证总结
============================================================

【原始数据集评估】
----------------------------------------
平均 TP: 3
平均 FN: 24
平均 TN: 1257
平均 FP: 23
总样本数: 1307 (正样本: 27, 负样本: 1280)
平均 Precision: 0.1077 (10.77%)
平均 Recall (SEN): 0.1045 (10.45%)
平均 Specificity (SPE): 0.9819 (98.19%)
平均 Accuracy: 0.9639 (96.39%)
平均 MCC: 0.0876

【平衡采样评估 (DeepHotResi方式)】
----------------------------------------
平均 ROC-AUC: 0.8542 (+/- 0.0575)
平均 PR-AUC:  0.5875 (+/- 0.1044)
平均 F1:      0.1718 (+/- 0.1515)
平均 MCC:     0.2059 (+/- 0.1394)
平均 Precision: 0.6341
平均 Recall:    0.1133
平均 Specificity: 0.9913

日志已保存到: /workspace/foundry-production/hotspot-prediction/logs/training_20260511_054232.log
